{
  "version": "1.5.0",
  "plugins_used": [
    {
      "name": "ArtifactoryDetector"
    },
    {
      "name": "AWSKeyDetector"
    },
    {
      "name": "AzureStorageKeyDetector"
    },
    {
      "name": "Base64HighEntropyString",
      "limit": 4.5
    },
    {
      "name": "BasicAuthDetector"
    },
    {
      "name": "CloudantDetector"
    },
    {
      "name": "DiscordBotTokenDetector"
    },
    {
      "name": "GitHubTokenDetector"
    },
    {
      "name": "GitLabTokenDetector"
    },
    {
      "name": "HexHighEntropyString",
      "limit": 3.0
    },
    {
      "name": "IbmCloudIamDetector"
    },
    {
      "name": "IbmCosHmacDetector"
    },
    {
      "name": "IPPublicDetector"
    },
    {
      "name": "JwtTokenDetector"
    },
    {
      "name": "KeywordDetector",
      "keyword_exclude": ""
    },
    {
      "name": "MailchimpDetector"
    },
    {
      "name": "NpmDetector"
    },
    {
      "name": "OpenAIDetector"
    },
    {
      "name": "PrivateKeyDetector"
    },
    {
      "name": "PypiTokenDetector"
    },
    {
      "name": "SendGridDetector"
    },
    {
      "name": "SlackDetector"
    },
    {
      "name": "SoftlayerDetector"
    },
    {
      "name": "SquareOAuthDetector"
    },
    {
      "name": "StripeDetector"
    },
    {
      "name": "TelegramBotTokenDetector"
    },
    {
      "name": "TwilioKeyDetector"
    }
  ],
  "filters_used": [
    {
      "path": "detect_secrets.filters.allowlist.is_line_allowlisted"
    },
    {
      "path": "detect_secrets.filters.common.is_ignored_due_to_verification_policies",
      "min_level": 2
    },
    {
      "path": "detect_secrets.filters.heuristic.is_indirect_reference"
    },
    {
      "path": "detect_secrets.filters.heuristic.is_likely_id_string"
    },
    {
      "path": "detect_secrets.filters.heuristic.is_lock_file"
    },
    {
      "path": "detect_secrets.filters.heuristic.is_not_alphanumeric_string"
    },
    {
      "path": "detect_secrets.filters.heuristic.is_potential_uuid"
    },
    {
      "path": "detect_secrets.filters.heuristic.is_prefixed_with_dollar_sign"
    },
    {
      "path": "detect_secrets.filters.heuristic.is_sequential_string"
    },
    {
      "path": "detect_secrets.filters.heuristic.is_swagger_file"
    },
    {
      "path": "detect_secrets.filters.heuristic.is_templated_secret"
    }
  ],
  "results": {
    "docs\\admin\\data-export.md": [
      {
        "type": "Secret Keyword",
        "filename": "docs\\admin\\data-export.md",
        "hashed_secret": "638bac731294171648258260ff2af4a09bc02aa2",
        "is_verified": false,
        "line_number": 111
      }
    ],
    "docs\\api\\authentication.md": [
      {
        "type": "Secret Keyword",
        "filename": "docs\\api\\authentication.md",
        "hashed_secret": "72559b51f94a7a3ad058c5740cbe2f7cb0d4080b",
        "is_verified": false,
        "line_number": 42
      },
      {
        "type": "Secret Keyword",
        "filename": "docs\\api\\authentication.md",
        "hashed_secret": "b57fa0798cf182195d00866158f0f022ad324741",
        "is_verified": false,
        "line_number": 359
      }
    ],
    "docs\\api\\channels.md": [
      {
        "type": "Hex High Entropy String",
        "filename": "docs\\api\\channels.md",
        "hashed_secret": "90bd1b48e958257948487b90bee080ba5ed00caa",
        "is_verified": false,
        "line_number": 278
      }
    ],
    "docs\\bots\\index.md": [
      {
        "type": "Secret Keyword",
        "filename": "docs\\bots\\index.md",
        "hashed_secret": "1a2fc3034e4c155463286194048df25e99a94929",
        "is_verified": false,
        "line_number": 40
      }
    ],
    "docs\\client-development\\building-a-client.md": [
      {
        "type": "Secret Keyword",
        "filename": "docs\\client-development\\building-a-client.md",
        "hashed_secret": "44cdfc3615970ada14420caaaa5c5745fca06002",
        "is_verified": false,
        "line_number": 25
      }
    ],
    "docs\\client-development\\oauth-integration.md": [
      {
        "type": "Secret Keyword",
        "filename": "docs\\client-development\\oauth-integration.md",
        "hashed_secret": "0d1ba0da3e84e54f29846c93c43182eede365858",
        "is_verified": false,
        "line_number": 90
      },
      {
        "type": "Secret Keyword",
        "filename": "docs\\client-development\\oauth-integration.md",
        "hashed_secret": "e865837a27df4fc68372f3b48ad53f0d2556d7a1",
        "is_verified": false,
        "line_number": 394
      },
      {
        "type": "Secret Keyword",
        "filename": "docs\\client-development\\oauth-integration.md",
        "hashed_secret": "c44679c71578c6f72b3418844866538a2d9cf747",
        "is_verified": false,
        "line_number": 419
      },
      {
        "type": "Secret Keyword",
        "filename": "docs\\client-development\\oauth-integration.md",
        "hashed_secret": "1fd36916d8d8e32d47b35625cb109a616072f83c",
        "is_verified": false,
        "line_number": 443
      }
    ],
    "docs\\deployment\\configuration\\config-email.md": [
      {
        "type": "Secret Keyword",
        "filename": "docs\\deployment\\configuration\\config-email.md",
        "hashed_secret": "0ed99d06b0e847f4298865e9f73828e435decc38",
        "is_verified": false,
        "line_number": 97
      }
    ],
    "docs\\deployment\\configuration\\config-static-client.md": [
      {
        "type": "GitLab Token",
        "filename": "docs\\deployment\\configuration\\config-static-client.md",
        "hashed_secret": "f68bd4ab942f012db29f09bbcc991e17768aaafa",
        "is_verified": false,
        "line_number": 79
      },
      {
        "type": "Secret Keyword",
        "filename": "docs\\deployment\\configuration\\config-static-client.md",
        "hashed_secret": "d9861a16a97ae18ceaa46369bcc324161f86b1a8",
        "is_verified": false,
        "line_number": 153
      },
      {
        "type": "Secret Keyword",
        "filename": "docs\\deployment\\configuration\\config-static-client.md",
        "hashed_secret": "c970bd8b1d24b80851bcdb1de2d40ec82abb681a",
        "is_verified": false,
        "line_number": 154
      }
    ],
    "docs\\deployment\\configuration\\config-voice.md": [
      {
        "type": "Secret Keyword",
        "filename": "docs\\deployment\\configuration\\config-voice.md",
        "hashed_secret": "29b8dca3de5ff27bcf8bd3b622adf9970f29381c",
        "is_verified": false,
        "line_number": 387
      }
    ],
    "docs\\deployment\\getting-started.md": [
      {
        "type": "Secret Keyword",
        "filename": "docs\\deployment\\getting-started.md",
        "hashed_secret": "c35bdb821a941808a150db95d0f934f449bbff17",
        "is_verified": false,
        "line_number": 143
      },
      {
        "type": "Secret Keyword",
        "filename": "docs\\deployment\\getting-started.md",
        "hashed_secret": "df77a3c3976614f078caac4366451103b4eafc01",
        "is_verified": false,
        "line_number": 146
      },
      {
        "type": "Secret Keyword",
        "filename": "docs\\deployment\\getting-started.md",
        "hashed_secret": "bfc5221616fd29387d7413aeb41401391dceefa8",
        "is_verified": false,
        "line_number": 151
      },
      {
        "type": "Secret Keyword",
        "filename": "docs\\deployment\\getting-started.md",
        "hashed_secret": "d8963c72dc83cc83ae7679dc03dcef7e0cfad8be",
        "is_verified": false,
        "line_number": 182
      }
    ],
    "docs\\end-user\\password-guidance.md": [
      {
        "type": "Secret Keyword",
        "filename": "docs\\end-user\\password-guidance.md",
        "hashed_secret": "72702bee0f454d67196be3e63e814f4e9eee51b1",
        "is_verified": false,
        "line_number": 105
      }
    ],
    "docs\\getting-started.md": [
      {
        "type": "Secret Keyword",
        "filename": "docs\\getting-started.md",
        "hashed_secret": "c3499c2729730a7f807efb8676a92dcb6f8a3f8f",
        "is_verified": false,
        "line_number": 43
      },
      {
        "type": "Secret Keyword",
        "filename": "docs\\getting-started.md",
        "hashed_secret": "0b6ec68df700dec4dcd64babd0eda1edccddace1",
        "is_verified": false,
        "line_number": 91
      },
      {
        "type": "Secret Keyword",
        "filename": "docs\\getting-started.md",
        "hashed_secret": "ac371b6dcce28a86c90d12bc57d946a800eebf17",
        "is_verified": false,
        "line_number": 94
      },
      {
        "type": "Secret Keyword",
        "filename": "docs\\getting-started.md",
        "hashed_secret": "7ba584f5a857c183c854420326c64dc71baee9f7",
        "is_verified": false,
        "line_number": 97
      }
    ],
    "src\\api\\routes\\auth\\README.md": [
      {
        "type": "Secret Keyword",
        "filename": "src\\api\\routes\\auth\\README.md",
        "hashed_secret": "72559b51f94a7a3ad058c5740cbe2f7cb0d4080b",
        "is_verified": false,
        "line_number": 58
      }
    ],
    "src\\core\\applications\\README.md": [
      {
        "type": "Secret Keyword",
        "filename": "src\\core\\applications\\README.md",
        "hashed_secret": "33f220dd67f717cc949db63e21c90e130a6137da",
        "is_verified": false,
        "line_number": 365
      }
    ],
    "src\\core\\applications\\manager\\README.md": [
      {
        "type": "Secret Keyword",
        "filename": "src\\core\\applications\\manager\\README.md",
        "hashed_secret": "b2171005eb3625820955c7dd0c53a525c0e404d6",
        "is_verified": false,
        "line_number": 94
      }
    ],
    "src\\core\\auth\\managers\\README.md": [
      {
        "type": "Secret Keyword",
        "filename": "src\\core\\auth\\managers\\README.md",
        "hashed_secret": "72559b51f94a7a3ad058c5740cbe2f7cb0d4080b",
        "is_verified": false,
        "line_number": 43
      }
    ],
    "src\\core\\auth\\oauth\\README.md": [
      {
        "type": "Secret Keyword",
        "filename": "src\\core\\auth\\oauth\\README.md",
        "hashed_secret": "4828aeee87a0527949cb106d4c50ae10fd333cef",
        "is_verified": false,
        "line_number": 79
      }
    ],
    "src\\core\\database\\README.md": [
      {
        "type": "Secret Keyword",
        "filename": "src\\core\\database\\README.md",
        "hashed_secret": "a6778f1880744bd1a342a8e3789135412d8f9da2",
        "is_verified": false,
        "line_number": 576
      }
    ],
    "src\\core\\media\\README.md": [
      {
        "type": "AWS Access Key",
        "filename": "src\\core\\media\\README.md",
        "hashed_secret": "25910f981e85ca04baf359199dd0bd4a3ae738b6",
        "is_verified": false,
        "line_number": 251
      }
    ],
    "src\\core\\selftest\\services\\setup\\auth.py": [
      {
        "type": "Base64 High Entropy String",
        "filename": "src\\core\\selftest\\services\\setup\\auth.py",
        "hashed_secret": "e38670be8612f3c6214bacd1ae73e9ec294ea40e",
        "is_verified": false,
        "line_number": 34
      },
      {
        "type": "Base64 High Entropy String",
        "filename": "src\\core\\selftest\\services\\setup\\auth.py",
        "hashed_secret": "4e18791fb60cef39a70028f2ae47ef19e1eccbfe",
        "is_verified": false,
        "line_number": 35
      }
    ],
    "src\\core\\voice\\README.md": [
      {
        "type": "Secret Keyword",
        "filename": "src\\core\\voice\\README.md",
        "hashed_secret": "221073a6eca00472532cd8334857292cfb5ca23e",
        "is_verified": false,
        "line_number": 315
      },
      {
        "type": "Secret Keyword",
        "filename": "src\\core\\voice\\README.md",
        "hashed_secret": "80d7d2f55b7730f6e48bae04c581c9dfec1a7abc",
        "is_verified": false,
        "line_number": 335
      }
    ],
    "src\\tests\\README.md": [
      {
        "type": "Secret Keyword",
        "filename": "src\\tests\\README.md",
        "hashed_secret": "0d0c65e86c444a039b7cadc6f83ee3708cdb9660",
        "is_verified": false,
        "line_number": 456
      },
      {
        "type": "Secret Keyword",
        "filename": "src\\tests\\README.md",
        "hashed_secret": "72559b51f94a7a3ad058c5740cbe2f7cb0d4080b",
        "is_verified": false,
        "line_number": 539
      }
    ],
    "src\\tests\\api\\conftest.py": [
      {
        "type": "Secret Keyword",
        "filename": "src\\tests\\api\\conftest.py",
        "hashed_secret": "ab3eb0f868f05373c611a6c904ae319ff0772c0c",
        "is_verified": false,
        "line_number": 29
      }
    ],
    "src\\tests\\api\\security\\conftest.py": [
      {
        "type": "Secret Keyword",
        "filename": "src\\tests\\api\\security\\conftest.py",
        "hashed_secret": "72559b51f94a7a3ad058c5740cbe2f7cb0d4080b",
        "is_verified": false,
        "line_number": 70
      }
    ],
    "src\\tests\\api\\security\\test_authentication_failures.py": [
      {
        "type": "Secret Keyword",
        "filename": "src\\tests\\api\\security\\test_authentication_failures.py",
        "hashed_secret": "d8ecf7db8fc9ec9c31bc5c9ae2929cc599c75f8d",
        "is_verified": false,
        "line_number": 10
      },
      {
        "type": "Secret Keyword",
        "filename": "src\\tests\\api\\security\\test_authentication_failures.py",
        "hashed_secret": "ab3eb0f868f05373c611a6c904ae319ff0772c0c",
        "is_verified": false,
        "line_number": 41
      },
      {
        "type": "Secret Keyword",
        "filename": "src\\tests\\api\\security\\test_authentication_failures.py",
        "hashed_secret": "1ded3053d0363079a4e681a3b700435d6d880290",
        "is_verified": false,
        "line_number": 68
      }
    ],
    "src\\tests\\api\\security\\test_header_injection.py": [
      {
        "type": "Secret Keyword",
        "filename": "src\\tests\\api\\security\\test_header_injection.py",
        "hashed_secret": "a4b48a81cdab1e1a5dd37907d6c85ca1c61ddc7c",
        "is_verified": false,
        "line_number": 8
      }
    ],
    "src\\tests\\api\\security\\test_injection_attacks.py": [
      {
        "type": "Secret Keyword",
        "filename": "src\\tests\\api\\security\\test_injection_attacks.py",
        "hashed_secret": "a94a8fe5ccb19ba61c4c0873d391e987982fbbd3",
        "is_verified": false,
        "line_number": 9
      },
      {
        "type": "Secret Keyword",
        "filename": "src\\tests\\api\\security\\test_injection_attacks.py",
        "hashed_secret": "ab3eb0f868f05373c611a6c904ae319ff0772c0c",
        "is_verified": false,
        "line_number": 21
      }
    ],
    "src\\tests\\api\\security\\test_parameter_tampering.py": [
      {
        "type": "Secret Keyword",
        "filename": "src\\tests\\api\\security\\test_parameter_tampering.py",
        "hashed_secret": "ab3eb0f868f05373c611a6c904ae319ff0772c0c",
        "is_verified": false,
        "line_number": 14
      },
      {
        "type": "Secret Keyword",
        "filename": "src\\tests\\api\\security\\test_parameter_tampering.py",
        "hashed_secret": "a94a8fe5ccb19ba61c4c0873d391e987982fbbd3",
        "is_verified": false,
        "line_number": 67
      }
    ],
    "src\\tests\\api\\security\\test_permission_checks.py": [
      {
        "type": "Secret Keyword",
        "filename": "src\\tests\\api\\security\\test_permission_checks.py",
        "hashed_secret": "ab3eb0f868f05373c611a6c904ae319ff0772c0c",
        "is_verified": false,
        "line_number": 21
      }
    ],
    "src\\tests\\api\\security\\test_rate_limit_enforcement.py": [
      {
        "type": "Secret Keyword",
        "filename": "src\\tests\\api\\security\\test_rate_limit_enforcement.py",
        "hashed_secret": "a4b48a81cdab1e1a5dd37907d6c85ca1c61ddc7c",
        "is_verified": false,
        "line_number": 10
      },
      {
        "type": "Secret Keyword",
        "filename": "src\\tests\\api\\security\\test_rate_limit_enforcement.py",
        "hashed_secret": "ab3eb0f868f05373c611a6c904ae319ff0772c0c",
        "is_verified": false,
        "line_number": 29
      }
    ],
    "src\\tests\\api\\test_auth_routes.py": [
      {
        "type": "Secret Keyword",
        "filename": "src\\tests\\api\\test_auth_routes.py",
        "hashed_secret": "ab3eb0f868f05373c611a6c904ae319ff0772c0c",
        "is_verified": false,
        "line_number": 15
      },
      {
        "type": "Secret Keyword",
        "filename": "src\\tests\\api\\test_auth_routes.py",
        "hashed_secret": "1ded3053d0363079a4e681a3b700435d6d880290",
        "is_verified": false,
        "line_number": 93
      },
      {
        "type": "Secret Keyword",
        "filename": "src\\tests\\api\\test_auth_routes.py",
        "hashed_secret": "d8ecf7db8fc9ec9c31bc5c9ae2929cc599c75f8d",
        "is_verified": false,
        "line_number": 126
      }
    ],
    "src\\tests\\api\\test_authentication.py": [
      {
        "type": "Secret Keyword",
        "filename": "src\\tests\\api\\test_authentication.py",
        "hashed_secret": "382caa7c44ee23ee25616f7e303af33c591efc3a",
        "is_verified": false,
        "line_number": 11
      },
      {
        "type": "Secret Keyword",
        "filename": "src\\tests\\api\\test_authentication.py",
        "hashed_secret": "1ded3053d0363079a4e681a3b700435d6d880290",
        "is_verified": false,
        "line_number": 57
      },
      {
        "type": "Secret Keyword",
        "filename": "src\\tests\\api\\test_authentication.py",
        "hashed_secret": "98e540ffae8223c143f1453da4c8604ca943213e",
        "is_verified": false,
        "line_number": 111
      }
    ],
    "src\\tests\\api\\test_dual_probe_channels.py": [
      {
        "type": "Secret Keyword",
        "filename": "src\\tests\\api\\test_dual_probe_channels.py",
        "hashed_secret": "ab3eb0f868f05373c611a6c904ae319ff0772c0c",
        "is_verified": false,
        "line_number": 67
      }
    ],
    "src\\tests\\auth\\conftest.py": [
      {
        "type": "Secret Keyword",
        "filename": "src\\tests\\auth\\conftest.py",
        "hashed_secret": "ab3eb0f868f05373c611a6c904ae319ff0772c0c",
        "is_verified": false,
        "line_number": 18
      }
    ],
    "src\\tests\\auth\\test_age_gate.py": [
      {
        "type": "Secret Keyword",
        "filename": "src\\tests\\auth\\test_age_gate.py",
        "hashed_secret": "463d8353f4b927fd953e5af7c41084183e8ce5fb",
        "is_verified": false,
        "line_number": 62
      }
    ],
    "src\\tests\\auth\\test_devices.py": [
      {
        "type": "Secret Keyword",
        "filename": "src\\tests\\auth\\test_devices.py",
        "hashed_secret": "ab3eb0f868f05373c611a6c904ae319ff0772c0c",
        "is_verified": false,
        "line_number": 21
      }
    ],
    "src\\tests\\auth\\test_login.py": [
      {
        "type": "Secret Keyword",
        "filename": "src\\tests\\auth\\test_login.py",
        "hashed_secret": "ab3eb0f868f05373c611a6c904ae319ff0772c0c",
        "is_verified": false,
        "line_number": 21
      }
    ],
    "src\\tests\\auth\\test_operations.py": [
      {
        "type": "Secret Keyword",
        "filename": "src\\tests\\auth\\test_operations.py",
        "hashed_secret": "f8b8976b87efc90ebbd0c1dcca47924ebd469616",
        "is_verified": false,
        "line_number": 821
      }
    ],
    "src\\tests\\auth\\test_password_reset_api.py": [
      {
        "type": "Secret Keyword",
        "filename": "src\\tests\\auth\\test_password_reset_api.py",
        "hashed_secret": "5c4f2778eafa38751fbd21fd4c1ef13ed9cfcff6",
        "is_verified": false,
        "line_number": 65
      },
      {
        "type": "Secret Keyword",
        "filename": "src\\tests\\auth\\test_password_reset_api.py",
        "hashed_secret": "1ded3053d0363079a4e681a3b700435d6d880290",
        "is_verified": false,
        "line_number": 75
      }
    ],
    "src\\tests\\auth\\test_passwords.py": [
      {
        "type": "Secret Keyword",
        "filename": "src\\tests\\auth\\test_passwords.py",
        "hashed_secret": "ab3eb0f868f05373c611a6c904ae319ff0772c0c",
        "is_verified": false,
        "line_number": 64
      }
    ],
    "src\\tests\\auth\\test_permissions.py": [
      {
        "type": "Secret Keyword",
        "filename": "src\\tests\\auth\\test_permissions.py",
        "hashed_secret": "ab3eb0f868f05373c611a6c904ae319ff0772c0c",
        "is_verified": false,
        "line_number": 140
      }
    ],
    "src\\tests\\auth\\test_pii_encryption.py": [
      {
        "type": "Secret Keyword",
        "filename": "src\\tests\\auth\\test_pii_encryption.py",
        "hashed_secret": "463d8353f4b927fd953e5af7c41084183e8ce5fb",
        "is_verified": false,
        "line_number": 10
      }
    ],
    "src\\tests\\auth\\test_registration.py": [
      {
        "type": "Secret Keyword",
        "filename": "src\\tests\\auth\\test_registration.py",
        "hashed_secret": "72559b51f94a7a3ad058c5740cbe2f7cb0d4080b",
        "is_verified": false,
        "line_number": 26
      }
    ],
    "src\\tests\\auth\\test_sessions.py": [
      {
        "type": "Secret Keyword",
        "filename": "src\\tests\\auth\\test_sessions.py",
        "hashed_secret": "ab3eb0f868f05373c611a6c904ae319ff0772c0c",
        "is_verified": false,
        "line_number": 21
      }
    ],
    "src\\tests\\automod\\test_ai_custom.py": [
      {
        "type": "Secret Keyword",
        "filename": "src\\tests\\automod\\test_ai_custom.py",
        "hashed_secret": "dff6d4ff5dc357cf451d1855ab9cbda562645c9f",
        "is_verified": false,
        "line_number": 108
      }
    ],
    "src\\tests\\automod\\test_ai_perspective.py": [
      {
        "type": "Secret Keyword",
        "filename": "src\\tests\\automod\\test_ai_perspective.py",
        "hashed_secret": "3acfb2c2b433c0ea7ff107e33df91b18e52f960f",
        "is_verified": false,
        "line_number": 94
      }
    ],
    "src\\tests\\conftest.py": [
      {
        "type": "Secret Keyword",
        "filename": "src\\tests\\conftest.py",
        "hashed_secret": "ab3eb0f868f05373c611a6c904ae319ff0772c0c",
        "is_verified": false,
        "line_number": 654
      },
      {
        "type": "Secret Keyword",
        "filename": "src\\tests\\conftest.py",
        "hashed_secret": "382caa7c44ee23ee25616f7e303af33c591efc3a",
        "is_verified": false,
        "line_number": 1400
      }
    ],
    "src\\tests\\database\\test_query_builder.py": [
      {
        "type": "Secret Keyword",
        "filename": "src\\tests\\database\\test_query_builder.py",
        "hashed_secret": "9d5a77747e12a026dc7c7736d1fbd955149d11b3",
        "is_verified": false,
        "line_number": 152
      },
      {
        "type": "Secret Keyword",
        "filename": "src\\tests\\database\\test_query_builder.py",
        "hashed_secret": "a0f4ea7d91495df92bbac2e2149dfb850fe81396",
        "is_verified": false,
        "line_number": 197
      },
      {
        "type": "Secret Keyword",
        "filename": "src\\tests\\database\\test_query_builder.py",
        "hashed_secret": "09fd0bbfd105da3464103be09c09b3e2ec308092",
        "is_verified": false,
        "line_number": 526
      }
    ],
    "src\\tests\\database\\test_security.py": [
      {
        "type": "Secret Keyword",
        "filename": "src\\tests\\database\\test_security.py",
        "hashed_secret": "5baa61e4c9b93f3f0682250b6cf8331b7ee68fd8",
        "is_verified": false,
        "line_number": 644
      }
    ],
    "src\\tests\\dsar\\test_collector.py": [
      {
        "type": "Secret Keyword",
        "filename": "src\\tests\\dsar\\test_collector.py",
        "hashed_secret": "ab3eb0f868f05373c611a6c904ae319ff0772c0c",
        "is_verified": false,
        "line_number": 26
      }
    ],
    "src\\tests\\dsar\\test_export_formats.py": [
      {
        "type": "Secret Keyword",
        "filename": "src\\tests\\dsar\\test_export_formats.py",
        "hashed_secret": "ab3eb0f868f05373c611a6c904ae319ff0772c0c",
        "is_verified": false,
        "line_number": 22
      }
    ],
    "src\\tests\\dsar\\test_harvester.py": [
      {
        "type": "Secret Keyword",
        "filename": "src\\tests\\dsar\\test_harvester.py",
        "hashed_secret": "ab3eb0f868f05373c611a6c904ae319ff0772c0c",
        "is_verified": false,
        "line_number": 24
      }
    ],
    "src\\tests\\dsar\\test_manager.py": [
      {
        "type": "Secret Keyword",
        "filename": "src\\tests\\dsar\\test_manager.py",
        "hashed_secret": "ab3eb0f868f05373c611a6c904ae319ff0772c0c",
        "is_verified": false,
        "line_number": 22
      }
    ],
    "src\\tests\\embeds\\conftest.py": [
      {
        "type": "Secret Keyword",
        "filename": "src\\tests\\embeds\\conftest.py",
        "hashed_secret": "ab3eb0f868f05373c611a6c904ae319ff0772c0c",
        "is_verified": false,
        "line_number": 50
      }
    ],
    "src\\tests\\embeds\\test_author_footer.py": [
      {
        "type": "Secret Keyword",
        "filename": "src\\tests\\embeds\\test_author_footer.py",
        "hashed_secret": "ab3eb0f868f05373c611a6c904ae319ff0772c0c",
        "is_verified": false,
        "line_number": 22
      }
    ],
    "src\\tests\\embeds\\test_create_embed.py": [
      {
        "type": "Secret Keyword",
        "filename": "src\\tests\\embeds\\test_create_embed.py",
        "hashed_secret": "ab3eb0f868f05373c611a6c904ae319ff0772c0c",
        "is_verified": false,
        "line_number": 21
      }
    ],
    "src\\tests\\embeds\\test_edge_cases.py": [
      {
        "type": "Secret Keyword",
        "filename": "src\\tests\\embeds\\test_edge_cases.py",
        "hashed_secret": "ab3eb0f868f05373c611a6c904ae319ff0772c0c",
        "is_verified": false,
        "line_number": 26
      }
    ],
    "src\\tests\\embeds\\test_fields.py": [
      {
        "type": "Secret Keyword",
        "filename": "src\\tests\\embeds\\test_fields.py",
        "hashed_secret": "ab3eb0f868f05373c611a6c904ae319ff0772c0c",
        "is_verified": false,
        "line_number": 22
      }
    ],
    "src\\tests\\embeds\\test_images.py": [
      {
        "type": "Secret Keyword",
        "filename": "src\\tests\\embeds\\test_images.py",
        "hashed_secret": "ab3eb0f868f05373c611a6c904ae319ff0772c0c",
        "is_verified": false,
        "line_number": 22
      }
    ],
    "src\\tests\\embeds\\test_message_integration.py": [
      {
        "type": "Secret Keyword",
        "filename": "src\\tests\\embeds\\test_message_integration.py",
        "hashed_secret": "ab3eb0f868f05373c611a6c904ae319ff0772c0c",
        "is_verified": false,
        "line_number": 91
      }
    ],
    "src\\tests\\embeds\\test_sanitization.py": [
      {
        "type": "Secret Keyword",
        "filename": "src\\tests\\embeds\\test_sanitization.py",
        "hashed_secret": "ab3eb0f868f05373c611a6c904ae319ff0772c0c",
        "is_verified": false,
        "line_number": 26
      }
    ],
    "src\\tests\\embeds\\test_validation.py": [
      {
        "type": "Secret Keyword",
        "filename": "src\\tests\\embeds\\test_validation.py",
        "hashed_secret": "ab3eb0f868f05373c611a6c904ae319ff0772c0c",
        "is_verified": false,
        "line_number": 26
      }
    ],
    "src\\tests\\encryption\\test_algorithm_compliance.py": [
      {
        "type": "Secret Keyword",
        "filename": "src\\tests\\encryption\\test_algorithm_compliance.py",
        "hashed_secret": "9fb7fe1217aed442b04c0f5e43b5d5a7d3287097",
        "is_verified": false,
        "line_number": 42
      }
    ],
    "src\\tests\\feedback\\test_module.py": [
      {
        "type": "Secret Keyword",
        "filename": "src\\tests\\feedback\\test_module.py",
        "hashed_secret": "ab3eb0f868f05373c611a6c904ae319ff0772c0c",
        "is_verified": false,
        "line_number": 27
      }
    ],
    "src\\tests\\fixtures\\config.py": [
      {
        "type": "Secret Keyword",
        "filename": "src\\tests\\fixtures\\config.py",
        "hashed_secret": "ab3eb0f868f05373c611a6c904ae319ff0772c0c",
        "is_verified": false,
        "line_number": 9
      }
    ],
    "src\\tests\\messaging\\conftest.py": [
      {
        "type": "Secret Keyword",
        "filename": "src\\tests\\messaging\\conftest.py",
        "hashed_secret": "ab3eb0f868f05373c611a6c904ae319ff0772c0c",
        "is_verified": false,
        "line_number": 30
      }
    ],
    "src\\tests\\notifications\\conftest.py": [
      {
        "type": "Secret Keyword",
        "filename": "src\\tests\\notifications\\conftest.py",
        "hashed_secret": "ab3eb0f868f05373c611a6c904ae319ff0772c0c",
        "is_verified": false,
        "line_number": 44
      }
    ],
    "src\\tests\\notifications\\test_channel_overrides.py": [
      {
        "type": "Secret Keyword",
        "filename": "src\\tests\\notifications\\test_channel_overrides.py",
        "hashed_secret": "ab3eb0f868f05373c611a6c904ae319ff0772c0c",
        "is_verified": false,
        "line_number": 113
      }
    ],
    "src\\tests\\notifications\\test_edge_cases.py": [
      {
        "type": "Secret Keyword",
        "filename": "src\\tests\\notifications\\test_edge_cases.py",
        "hashed_secret": "ab3eb0f868f05373c611a6c904ae319ff0772c0c",
        "is_verified": false,
        "line_number": 67
      }
    ],
    "src\\tests\\notifications\\test_everyone_here.py": [
      {
        "type": "Secret Keyword",
        "filename": "src\\tests\\notifications\\test_everyone_here.py",
        "hashed_secret": "ab3eb0f868f05373c611a6c904ae319ff0772c0c",
        "is_verified": false,
        "line_number": 65
      }
    ],
    "src\\tests\\notifications\\test_notification_feed.py": [
      {
        "type": "Secret Keyword",
        "filename": "src\\tests\\notifications\\test_notification_feed.py",
        "hashed_secret": "ab3eb0f868f05373c611a6c904ae319ff0772c0c",
        "is_verified": false,
        "line_number": 26
      }
    ],
    "src\\tests\\notifications\\test_user_mentions.py": [
      {
        "type": "Secret Keyword",
        "filename": "src\\tests\\notifications\\test_user_mentions.py",
        "hashed_secret": "ab3eb0f868f05373c611a6c904ae319ff0772c0c",
        "is_verified": false,
        "line_number": 61
      }
    ],
    "src\\tests\\performance\\conftest.py": [
      {
        "type": "Secret Keyword",
        "filename": "src\\tests\\performance\\conftest.py",
        "hashed_secret": "e265068d8c2df90b9d7139fcfcae9d627f0887e8",
        "is_verified": false,
        "line_number": 90
      }
    ],
    "src\\tests\\performance\\test_stress.py": [
      {
        "type": "Secret Keyword",
        "filename": "src\\tests\\performance\\test_stress.py",
        "hashed_secret": "e265068d8c2df90b9d7139fcfcae9d627f0887e8",
        "is_verified": false,
        "line_number": 25
      }
    ],
    "src\\tests\\performance\\utils.py": [
      {
        "type": "Secret Keyword",
        "filename": "src\\tests\\performance\\utils.py",
        "hashed_secret": "623214d03df8233505f7eb61732deb8f6bdadd9b",
        "is_verified": false,
        "line_number": 149
      }
    ],
    "src\\tests\\polls\\conftest.py": [
      {
        "type": "Secret Keyword",
        "filename": "src\\tests\\polls\\conftest.py",
        "hashed_secret": "ab3eb0f868f05373c611a6c904ae319ff0772c0c",
        "is_verified": false,
        "line_number": 75
      }
    ],
    "src\\tests\\polls\\test_expiry.py": [
      {
        "type": "Secret Keyword",
        "filename": "src\\tests\\polls\\test_expiry.py",
        "hashed_secret": "ab3eb0f868f05373c611a6c904ae319ff0772c0c",
        "is_verified": false,
        "line_number": 26
      }
    ],
    "src\\tests\\polls\\test_results.py": [
      {
        "type": "Secret Keyword",
        "filename": "src\\tests\\polls\\test_results.py",
        "hashed_secret": "ab3eb0f868f05373c611a6c904ae319ff0772c0c",
        "is_verified": false,
        "line_number": 33
      }
    ],
    "src\\tests\\polls\\test_voting.py": [
      {
        "type": "Secret Keyword",
        "filename": "src\\tests\\polls\\test_voting.py",
        "hashed_secret": "ab3eb0f868f05373c611a6c904ae319ff0772c0c",
        "is_verified": false,
        "line_number": 80
      }
    ],
    "src\\tests\\presence\\conftest.py": [
      {
        "type": "Secret Keyword",
        "filename": "src\\tests\\presence\\conftest.py",
        "hashed_secret": "ab3eb0f868f05373c611a6c904ae319ff0772c0c",
        "is_verified": false,
        "line_number": 41
      }
    ],
    "src\\tests\\presence\\test_edge_cases.py": [
      {
        "type": "Secret Keyword",
        "filename": "src\\tests\\presence\\test_edge_cases.py",
        "hashed_secret": "ab3eb0f868f05373c611a6c904ae319ff0772c0c",
        "is_verified": false,
        "line_number": 325
      }
    ],
    "src\\tests\\presence\\test_typing.py": [
      {
        "type": "Secret Keyword",
        "filename": "src\\tests\\presence\\test_typing.py",
        "hashed_secret": "ab3eb0f868f05373c611a6c904ae319ff0772c0c",
        "is_verified": false,
        "line_number": 203
      }
    ],
    "src\\tests\\profiles\\test_profile_ops.py": [
      {
        "type": "Secret Keyword",
        "filename": "src\\tests\\profiles\\test_profile_ops.py",
        "hashed_secret": "ab3eb0f868f05373c611a6c904ae319ff0772c0c",
        "is_verified": false,
        "line_number": 74
      }
    ],
    "src\\tests\\push\\test_manager.py": [
      {
        "type": "Secret Keyword",
        "filename": "src\\tests\\push\\test_manager.py",
        "hashed_secret": "ab3eb0f868f05373c611a6c904ae319ff0772c0c",
        "is_verified": false,
        "line_number": 25
      }
    ],
    "src\\tests\\push\\test_token_lifecycle.py": [
      {
        "type": "Secret Keyword",
        "filename": "src\\tests\\push\\test_token_lifecycle.py",
        "hashed_secret": "ab3eb0f868f05373c611a6c904ae319ff0772c0c",
        "is_verified": false,
        "line_number": 29
      }
    ],
    "src\\tests\\reactions\\conftest.py": [
      {
        "type": "Secret Keyword",
        "filename": "src\\tests\\reactions\\conftest.py",
        "hashed_secret": "ab3eb0f868f05373c611a6c904ae319ff0772c0c",
        "is_verified": false,
        "line_number": 65
      }
    ],
    "src\\tests\\reactions\\test_add_remove.py": [
      {
        "type": "Secret Keyword",
        "filename": "src\\tests\\reactions\\test_add_remove.py",
        "hashed_secret": "ab3eb0f868f05373c611a6c904ae319ff0772c0c",
        "is_verified": false,
        "line_number": 78
      }
    ],
    "src\\tests\\reactions\\test_counts.py": [
      {
        "type": "Secret Keyword",
        "filename": "src\\tests\\reactions\\test_counts.py",
        "hashed_secret": "ab3eb0f868f05373c611a6c904ae319ff0772c0c",
        "is_verified": false,
        "line_number": 181
      }
    ],
    "src\\tests\\reactions\\test_edge_cases.py": [
      {
        "type": "Secret Keyword",
        "filename": "src\\tests\\reactions\\test_edge_cases.py",
        "hashed_secret": "ab3eb0f868f05373c611a6c904ae319ff0772c0c",
        "is_verified": false,
        "line_number": 151
      }
    ],
    "src\\tests\\reactions\\test_integration.py": [
      {
        "type": "Secret Keyword",
        "filename": "src\\tests\\reactions\\test_integration.py",
        "hashed_secret": "ab3eb0f868f05373c611a6c904ae319ff0772c0c",
        "is_verified": false,
        "line_number": 50
      }
    ],
    "src\\tests\\reactions\\test_limits.py": [
      {
        "type": "Secret Keyword",
        "filename": "src\\tests\\reactions\\test_limits.py",
        "hashed_secret": "ab3eb0f868f05373c611a6c904ae319ff0772c0c",
        "is_verified": false,
        "line_number": 22
      }
    ],
    "src\\tests\\reactions\\test_permissions.py": [
      {
        "type": "Secret Keyword",
        "filename": "src\\tests\\reactions\\test_permissions.py",
        "hashed_secret": "ab3eb0f868f05373c611a6c904ae319ff0772c0c",
        "is_verified": false,
        "line_number": 43
      }
    ],
    "src\\tests\\relationships\\conftest.py": [
      {
        "type": "Secret Keyword",
        "filename": "src\\tests\\relationships\\conftest.py",
        "hashed_secret": "ab3eb0f868f05373c611a6c904ae319ff0772c0c",
        "is_verified": false,
        "line_number": 35
      }
    ],
    "src\\tests\\relationships\\test_friends.py": [
      {
        "type": "Secret Keyword",
        "filename": "src\\tests\\relationships\\test_friends.py",
        "hashed_secret": "ab3eb0f868f05373c611a6c904ae319ff0772c0c",
        "is_verified": false,
        "line_number": 77
      }
    ],
    "src\\tests\\relationships\\test_integration.py": [
      {
        "type": "Secret Keyword",
        "filename": "src\\tests\\relationships\\test_integration.py",
        "hashed_secret": "ab3eb0f868f05373c611a6c904ae319ff0772c0c",
        "is_verified": false,
        "line_number": 84
      }
    ],
    "src\\tests\\search\\conftest.py": [
      {
        "type": "Secret Keyword",
        "filename": "src\\tests\\search\\conftest.py",
        "hashed_secret": "ab3eb0f868f05373c611a6c904ae319ff0772c0c",
        "is_verified": false,
        "line_number": 71
      }
    ],
    "src\\tests\\search\\test_discovery.py": [
      {
        "type": "Secret Keyword",
        "filename": "src\\tests\\search\\test_discovery.py",
        "hashed_secret": "ab3eb0f868f05373c611a6c904ae319ff0772c0c",
        "is_verified": false,
        "line_number": 20
      }
    ],
    "src\\tests\\search\\test_message_search.py": [
      {
        "type": "Secret Keyword",
        "filename": "src\\tests\\search\\test_message_search.py",
        "hashed_secret": "ab3eb0f868f05373c611a6c904ae319ff0772c0c",
        "is_verified": false,
        "line_number": 98
      }
    ],
    "src\\tests\\search\\test_permissions.py": [
      {
        "type": "Secret Keyword",
        "filename": "src\\tests\\search\\test_permissions.py",
        "hashed_secret": "ab3eb0f868f05373c611a6c904ae319ff0772c0c",
        "is_verified": false,
        "line_number": 26
      }
    ],
    "src\\tests\\search\\test_server_search.py": [
      {
        "type": "Secret Keyword",
        "filename": "src\\tests\\search\\test_server_search.py",
        "hashed_secret": "ab3eb0f868f05373c611a6c904ae319ff0772c0c",
        "is_verified": false,
        "line_number": 23
      }
    ],
    "src\\tests\\search\\test_user_search.py": [
      {
        "type": "Secret Keyword",
        "filename": "src\\tests\\search\\test_user_search.py",
        "hashed_secret": "ab3eb0f868f05373c611a6c904ae319ff0772c0c",
        "is_verified": false,
        "line_number": 23
      }
    ],
    "src\\tests\\search\\test_users_servers.py": [
      {
        "type": "Secret Keyword",
        "filename": "src\\tests\\search\\test_users_servers.py",
        "hashed_secret": "ab3eb0f868f05373c611a6c904ae319ff0772c0c",
        "is_verified": false,
        "line_number": 21
      }
    ],
    "src\\tests\\security\\test_authentication_bypass.py": [
      {
        "type": "Secret Keyword",
        "filename": "src\\tests\\security\\test_authentication_bypass.py",
        "hashed_secret": "ab3eb0f868f05373c611a6c904ae319ff0772c0c",
        "is_verified": false,
        "line_number": 152
      }
    ],
    "src\\tests\\security\\test_csrf_protection.py": [
      {
        "type": "Secret Keyword",
        "filename": "src\\tests\\security\\test_csrf_protection.py",
        "hashed_secret": "d8ecf7db8fc9ec9c31bc5c9ae2929cc599c75f8d",
        "is_verified": false,
        "line_number": 123
      },
      {
        "type": "Secret Keyword",
        "filename": "src\\tests\\security\\test_csrf_protection.py",
        "hashed_secret": "5c4f2778eafa38751fbd21fd4c1ef13ed9cfcff6",
        "is_verified": false,
        "line_number": 124
      },
      {
        "type": "Secret Keyword",
        "filename": "src\\tests\\security\\test_csrf_protection.py",
        "hashed_secret": "ab3eb0f868f05373c611a6c904ae319ff0772c0c",
        "is_verified": false,
        "line_number": 148
      }
    ],
    "src\\tests\\security\\test_security_checks.py": [
      {
        "type": "Secret Keyword",
        "filename": "src\\tests\\security\\test_security_checks.py",
        "hashed_secret": "ab3eb0f868f05373c611a6c904ae319ff0772c0c",
        "is_verified": false,
        "line_number": 83
      }
    ],
    "src\\tests\\security\\test_session_hijacking.py": [
      {
        "type": "Secret Keyword",
        "filename": "src\\tests\\security\\test_session_hijacking.py",
        "hashed_secret": "ab3eb0f868f05373c611a6c904ae319ff0772c0c",
        "is_verified": false,
        "line_number": 102
      },
      {
        "type": "Secret Keyword",
        "filename": "src\\tests\\security\\test_session_hijacking.py",
        "hashed_secret": "5c4f2778eafa38751fbd21fd4c1ef13ed9cfcff6",
        "is_verified": false,
        "line_number": 240
      }
    ],
    "src\\tests\\security\\test_sql_injection.py": [
      {
        "type": "Secret Keyword",
        "filename": "src\\tests\\security\\test_sql_injection.py",
        "hashed_secret": "8867c88b56e0bfb82cffaf15a66bc8d107d6754a",
        "is_verified": false,
        "line_number": 19
      },
      {
        "type": "Secret Keyword",
        "filename": "src\\tests\\security\\test_sql_injection.py",
        "hashed_secret": "ab3eb0f868f05373c611a6c904ae319ff0772c0c",
        "is_verified": false,
        "line_number": 27
      },
      {
        "type": "Secret Keyword",
        "filename": "src\\tests\\security\\test_sql_injection.py",
        "hashed_secret": "5baa61e4c9b93f3f0682250b6cf8331b7ee68fd8",
        "is_verified": false,
        "line_number": 118
      }
    ],
    "src\\tests\\security\\test_xss_prevention.py": [
      {
        "type": "Secret Keyword",
        "filename": "src\\tests\\security\\test_xss_prevention.py",
        "hashed_secret": "ab3eb0f868f05373c611a6c904ae319ff0772c0c",
        "is_verified": false,
        "line_number": 147
      }
    ],
    "src\\tests\\servers\\test_channel_exists.py": [
      {
        "type": "Secret Keyword",
        "filename": "src\\tests\\servers\\test_channel_exists.py",
        "hashed_secret": "ab3eb0f868f05373c611a6c904ae319ff0772c0c",
        "is_verified": false,
        "line_number": 72
      }
    ],
    "src\\tests\\servers\\test_invites.py": [
      {
        "type": "Secret Keyword",
        "filename": "src\\tests\\servers\\test_invites.py",
        "hashed_secret": "ab3eb0f868f05373c611a6c904ae319ff0772c0c",
        "is_verified": false,
        "line_number": 204
      }
    ],
    "src\\tests\\servers\\test_servers.py": [
      {
        "type": "Secret Keyword",
        "filename": "src\\tests\\servers\\test_servers.py",
        "hashed_secret": "ab3eb0f868f05373c611a6c904ae319ff0772c0c",
        "is_verified": false,
        "line_number": 51
      }
    ],
    "src\\tests\\soundboard\\test_cooldowns.py": [
      {
        "type": "Secret Keyword",
        "filename": "src\\tests\\soundboard\\test_cooldowns.py",
        "hashed_secret": "ab3eb0f868f05373c611a6c904ae319ff0772c0c",
        "is_verified": false,
        "line_number": 21
      }
    ],
    "src\\tests\\soundboard\\test_permissions.py": [
      {
        "type": "Secret Keyword",
        "filename": "src\\tests\\soundboard\\test_permissions.py",
        "hashed_secret": "ab3eb0f868f05373c611a6c904ae319ff0772c0c",
        "is_verified": false,
        "line_number": 21
      }
    ],
    "src\\tests\\soundboard\\test_playback.py": [
      {
        "type": "Secret Keyword",
        "filename": "src\\tests\\soundboard\\test_playback.py",
        "hashed_secret": "ab3eb0f868f05373c611a6c904ae319ff0772c0c",
        "is_verified": false,
        "line_number": 25
      }
    ],
    "src\\tests\\soundboard\\test_upload.py": [
      {
        "type": "Secret Keyword",
        "filename": "src\\tests\\soundboard\\test_upload.py",
        "hashed_secret": "ab3eb0f868f05373c611a6c904ae319ff0772c0c",
        "is_verified": false,
        "line_number": 165
      }
    ],
    "src\\tests\\stickers\\test_packs.py": [
      {
        "type": "Secret Keyword",
        "filename": "src\\tests\\stickers\\test_packs.py",
        "hashed_secret": "ab3eb0f868f05373c611a6c904ae319ff0772c0c",
        "is_verified": false,
        "line_number": 105
      }
    ],
    "src\\tests\\stickers\\test_usage.py": [
      {
        "type": "Secret Keyword",
        "filename": "src\\tests\\stickers\\test_usage.py",
        "hashed_secret": "ab3eb0f868f05373c611a6c904ae319ff0772c0c",
        "is_verified": false,
        "line_number": 21
      }
    ],
    "src\\tests\\test_database.py": [
      {
        "type": "Secret Keyword",
        "filename": "src\\tests\\test_database.py",
        "hashed_secret": "5baa61e4c9b93f3f0682250b6cf8331b7ee68fd8",
        "is_verified": false,
        "line_number": 470
      }
    ],
    "src\\tests\\test_infrastructure.py": [
      {
        "type": "Secret Keyword",
        "filename": "src\\tests\\test_infrastructure.py",
        "hashed_secret": "ab3eb0f868f05373c611a6c904ae319ff0772c0c",
        "is_verified": false,
        "line_number": 80
      }
    ],
    "src\\tests\\test_transactions.py": [
      {
        "type": "Secret Keyword",
        "filename": "src\\tests\\test_transactions.py",
        "hashed_secret": "5baa61e4c9b93f3f0682250b6cf8331b7ee68fd8",
        "is_verified": false,
        "line_number": 1126
      }
    ],
    "src\\tests\\threads\\conftest.py": [
      {
        "type": "Secret Keyword",
        "filename": "src\\tests\\threads\\conftest.py",
        "hashed_secret": "ab3eb0f868f05373c611a6c904ae319ff0772c0c",
        "is_verified": false,
        "line_number": 41
      }
    ],
    "src\\tests\\unit\\test_admin_auth_security.py": [
      {
        "type": "Secret Keyword",
        "filename": "src\\tests\\unit\\test_admin_auth_security.py",
        "hashed_secret": "beb203a09b91ee6d5f17f7952d909dd19d3a8ba7",
        "is_verified": false,
        "line_number": 39
      },
      {
        "type": "Secret Keyword",
        "filename": "src\\tests\\unit\\test_admin_auth_security.py",
        "hashed_secret": "9c9fd21c6d6d991a003b89be9068613121afbd49",
        "is_verified": false,
        "line_number": 65
      }
    ],
    "src\\tests\\unit\\test_property_based_quick.py": [
      {
        "type": "Secret Keyword",
        "filename": "src\\tests\\unit\\test_property_based_quick.py",
        "hashed_secret": "f0c08b12e9ecad66c3b93cb1811e9d206c99aee8",
        "is_verified": false,
        "line_number": 188
      }
    ],
    "src\\tests\\unit\\test_property_based_validation.py": [
      {
        "type": "Secret Keyword",
        "filename": "src\\tests\\unit\\test_property_based_validation.py",
        "hashed_secret": "f0c08b12e9ecad66c3b93cb1811e9d206c99aee8",
        "is_verified": false,
        "line_number": 715
      }
    ],
    "src\\tests\\unit\\test_tls.py": [
      {
        "type": "Private Key",
        "filename": "src\\tests\\unit\\test_tls.py",
        "hashed_secret": "be4fc4886bd949b369d5e092eb87494f12e57e5b",
        "is_verified": false,
        "line_number": 78
      }
    ],
    "src\\tests\\utils\\test_email.py": [
      {
        "type": "Secret Keyword",
        "filename": "src\\tests\\utils\\test_email.py",
        "hashed_secret": "5baa61e4c9b93f3f0682250b6cf8331b7ee68fd8",
        "is_verified": false,
        "line_number": 33
      }
    ],
    "src\\tests\\voice\\test_afk.py": [
      {
        "type": "Secret Keyword",
        "filename": "src\\tests\\voice\\test_afk.py",
        "hashed_secret": "ab3eb0f868f05373c611a6c904ae319ff0772c0c",
        "is_verified": false,
        "line_number": 285
      }
    ],
    "src\\tests\\voice\\test_edge_cases.py": [
      {
        "type": "Secret Keyword",
        "filename": "src\\tests\\voice\\test_edge_cases.py",
        "hashed_secret": "ab3eb0f868f05373c611a6c904ae319ff0772c0c",
        "is_verified": false,
        "line_number": 287
      }
    ],
    "src\\tests\\voice\\test_integration.py": [
      {
        "type": "Secret Keyword",
        "filename": "src\\tests\\voice\\test_integration.py",
        "hashed_secret": "ab3eb0f868f05373c611a6c904ae319ff0772c0c",
        "is_verified": false,
        "line_number": 297
      }
    ],
    "src\\tests\\voice\\test_quality.py": [
      {
        "type": "Secret Keyword",
        "filename": "src\\tests\\voice\\test_quality.py",
        "hashed_secret": "f4a1ea9033c22d863418336c9b6badb22bf7a64f",
        "is_verified": false,
        "line_number": 33
      }
    ],
    "src\\tests\\voice\\test_screen_share.py": [
      {
        "type": "Secret Keyword",
        "filename": "src\\tests\\voice\\test_screen_share.py",
        "hashed_secret": "f4a1ea9033c22d863418336c9b6badb22bf7a64f",
        "is_verified": false,
        "line_number": 30
      }
    ],
    "src\\tests\\voice\\test_security.py": [
      {
        "type": "Secret Keyword",
        "filename": "src\\tests\\voice\\test_security.py",
        "hashed_secret": "de38eae23eccf74b2fb001f56033494550c09cba",
        "is_verified": false,
        "line_number": 62
      },
      {
        "type": "Secret Keyword",
        "filename": "src\\tests\\voice\\test_security.py",
        "hashed_secret": "a94a8fe5ccb19ba61c4c0873d391e987982fbbd3",
        "is_verified": false,
        "line_number": 737
      }
    ],
    "src\\tests\\voice\\test_signaling.py": [
      {
        "type": "Secret Keyword",
        "filename": "src\\tests\\voice\\test_signaling.py",
        "hashed_secret": "f4a1ea9033c22d863418336c9b6badb22bf7a64f",
        "is_verified": false,
        "line_number": 31
      }
    ],
    "src\\tests\\voice\\test_turn.py": [
      {
        "type": "Secret Keyword",
        "filename": "src\\tests\\voice\\test_turn.py",
        "hashed_secret": "72cb70dbbafe97e5ea13ad88acd65d08389439b0",
        "is_verified": false,
        "line_number": 27
      },
      {
        "type": "Secret Keyword",
        "filename": "src\\tests\\voice\\test_turn.py",
        "hashed_secret": "85c08fb0ff6bae7e56652ee15d4f049d67605dbd",
        "is_verified": false,
        "line_number": 267
      }
    ],
    "src\\tests\\voice\\test_voice_flow.py": [
      {
        "type": "Secret Keyword",
        "filename": "src\\tests\\voice\\test_voice_flow.py",
        "hashed_secret": "f4a1ea9033c22d863418336c9b6badb22bf7a64f",
        "is_verified": false,
        "line_number": 53
      }
    ],
    "src\\tests\\webhooks\\conftest.py": [
      {
        "type": "Secret Keyword",
        "filename": "src\\tests\\webhooks\\conftest.py",
        "hashed_secret": "ab3eb0f868f05373c611a6c904ae319ff0772c0c",
        "is_verified": false,
        "line_number": 32
      }
    ],
    "src\\utils\\encryption\\README.md": [
      {
        "type": "Secret Keyword",
        "filename": "src\\utils\\encryption\\README.md",
        "hashed_secret": "638bac731294171648258260ff2af4a09bc02aa2",
        "is_verified": false,
        "line_number": 247
      }
    ]
  },
  "generated_at": "2026-07-28T21:08:47Z"
}
