============================= test session starts =============================
platform win32 -- Python 3.13.3, pytest-8.4.1, pluggy-1.6.0 -- C:\Users\dboyn\AppData\Local\Programs\Python\Python313\python.exe
cachedir: .pytest_cache
hypothesis profile 'ci' -> deadline=None, suppress_health_check=(HealthCheck.filter_too_much, HealthCheck.data_too_large, HealthCheck.too_slow)
benchmark: 5.1.0 (defaults: timer=time.perf_counter disable_gc=False min_rounds=5 min_time=0.000005 max_time=1.0 calibration_precision=10 warmup=False warmup_iterations=100000)
rootdir: C:\Users\dboyn\coding-plexichat\plexichat
configfile: pytest.ini
plugins: anyio-4.9.0, Faker-37.6.0, hypothesis-6.138.8, asyncio-1.1.0, benchmark-5.1.0, cov-6.2.1, mock-3.14.1, timeout-2.4.0, xdist-3.8.0
asyncio: mode=Mode.STRICT, asyncio_default_fixture_loop_scope=None, asyncio_default_test_loop_scope=function
timeout: 60.0s
timeout method: thread
timeout func_only: False
collecting ... collected 11 items

src/tests/notifications/test_notification_feed.py::TestGetNotificationFeed::test_empty_feed PASSED [  9%]
src/tests/notifications/test_notification_feed.py::TestGetNotificationFeed::test_feed_with_notifications PASSED [ 18%]
src/tests/notifications/test_notification_feed.py::TestGetNotificationFeed::test_feed_order ERROR [ 27%]
src/tests/notifications/test_notification_feed.py::TestGetNotificationFeed::test_feed_pagination ERROR [ 36%]
src/tests/notifications/test_notification_feed.py::TestGetNotificationFeed::test_feed_has_more ERROR [ 45%]
src/tests/notifications/test_notification_feed.py::TestGetNotifications::test_get_notifications PASSED [ 54%]
src/tests/notifications/test_notification_feed.py::TestGetNotifications::test_get_unread_only ERROR [ 63%]
src/tests/notifications/test_notification_feed.py::TestGetNotifications::test_get_notifications_pagination ERROR [ 72%]
src/tests/notifications/test_notification_feed.py::TestDeleteNotification::test_delete_notification PASSED [ 81%]
src/tests/notifications/test_notification_feed.py::TestDeleteNotification::test_delete_nonexistent_notification PASSED [ 90%]
src/tests/notifications/test_notification_feed.py::TestDeleteNotification::test_delete_other_users_notification PASSED [100%]

=================================== ERRORS ====================================
__________ ERROR at setup of TestGetNotificationFeed.test_feed_order __________

fixturedef = <FixtureDef argname='group_conversation' scope='function' baseid='src/tests/notifications'>
request = <SubRequest 'group_conversation' for <Function test_feed_order>>

    @pytest.hookimpl(wrapper=True)
    def pytest_fixture_setup(fixturedef: FixtureDef, request) -> object | None:
        asyncio_mode = _get_asyncio_mode(request.config)
        if not _is_asyncio_fixture_function(fixturedef.func):
            if asyncio_mode == Mode.STRICT:
                # Ignore async fixtures without explicit asyncio mark in strict mode
                # This applies to pytest_trio fixtures, for example
>               return (yield)
                        ^^^^^

..\..\AppData\Local\Programs\Python\Python313\Lib\site-packages\pytest_asyncio\plugin.py:681: 
_ _ _ _ _ _ _ _ _ _ _ _ _ _ _ _ _ _ _ _ _ _ _ _ _ _ _ _ _ _ _ _ _ _ _ _ _ _ _ _

modules = <src.tests.fixtures.modules.ModuleRegistry object at 0x0000023C480AEE40>

>   ???

F:\coding-plexichat\plexichat\src\tests\notifications\conftest.py:126: 
_ _ _ _ _ _ _ _ _ _ _ _ _ _ _ _ _ _ _ _ _ _ _ _ _ _ _ _ _ _ _ _ _ _ _ _ _ _ _ _

owner_id = 261147211382001664, name = 'Test Group a5c2fb3e'
participant_ids = [261147211402973185, 261147211423944705]
max_participants = None

    def create_group(
        owner_id: int,
        name: str,
        participant_ids: Optional[List[int]] = None,
        max_participants: Optional[int] = None,
    ) -> Conversation:
        """
        Create a group conversation.
    
        Args:
            owner_id: ID of group owner
            name: Group name
            participant_ids: Initial participants (owner auto-added)
            max_participants: Override default max participants
    
        Returns:
            Conversation object
    
        Raises:
            ParticipantLimitError: If too many initial participants
            InvalidContentError: If name is invalid
        """
>       return _get_manager().create_group(
            owner_id, name, participant_ids, max_participants
        )

src\core\messaging\__init__.py:139: 
_ _ _ _ _ _ _ _ _ _ _ _ _ _ _ _ _ _ _ _ _ _ _ _ _ _ _ _ _ _ _ _ _ _ _ _ _ _ _ _

self = <src.core.messaging.manager.MessagingManager object at 0x0000023C484992B0>
owner_id = 261147211382001664, name = 'Test Group a5c2fb3e'
participant_ids = [261147211402973185, 261147211423944705]
max_participants = None

    def create_group(
        self,
        owner_id: int,
        name: str,
        participant_ids: Optional[List[int]] = None,
        max_participants: Optional[int] = None,
    ) -> Conversation:
        """Create a group conversation."""
        # Validate name
        if not name or not name.strip():
            raise InvalidContentError("Group name cannot be empty")
    
        name = name.strip()
        if len(name) > 100:
            raise InvalidContentError("Group name cannot exceed 100 characters")
    
        # Validate content
        content_result = validate_content(name)
        if not content_result.valid:
            raise InvalidContentError("Invalid group name", content_result.issues)
    
        max_parts = (
            max_participants
            if max_participants is not None
            else self._config.get("max_group_participants", 100)
        )
    
        # Check participant count - must have at least 1 (owner)
        participants = list(set([owner_id] + (participant_ids or [])))
        if max_parts < 1:
            raise ParticipantLimitError(
                "Group must allow at least 1 participant", max_parts, len(participants)
            )
        if len(participants) > max_parts:
            raise ParticipantLimitError(
                f"Cannot create group with more than {max_parts} participants",
                max_parts,
                len(participants),
            )
    
        now = self._get_timestamp()
        conv_id = self._generate_id()
    
        self._db.execute(
            """INSERT INTO msg_conversations
               (id, conversation_type, name, owner_id, max_participants, created_at, updated_at, encrypted)
               VALUES (?, ?, ?, ?, ?, ?, ?, ?)""",
            (
                conv_id,
                ConversationType.GROUP.value,
                content_result.sanitized_content,
                owner_id,
                max_parts,
                now,
                now,
                1 if self._config.get("encrypt_messages") else 0,
            ),
        )
    
        # Add participants
        for i, uid in enumerate(participants):
            part_id = self._generate_id()
            role = (
                ParticipantRole.OWNER.value
                if uid == owner_id
                else ParticipantRole.MEMBER.value
            )
            self._db.execute(
                """INSERT INTO msg_participants
                   (id, conversation_id, user_id, role, joined_at)
                   VALUES (?, ?, ?, ?, ?)""",
                (part_id, conv_id, uid, role, now),
            )
    
        # Send system message
>       self.send_system_message(
            conv_id,
            f'Group "{name}" created',
            "group_created",
            {"creator_id": owner_id},
        )

src\core\messaging\manager.py:373: 
_ _ _ _ _ _ _ _ _ _ _ _ _ _ _ _ _ _ _ _ _ _ _ _ _ _ _ _ _ _ _ _ _ _ _ _ _ _ _ _

self = <src.core.messaging.manager.MessagingManager object at 0x0000023C484992B0>
conversation_id = 261147211444916225
content = 'Group "Test Group a5c2fb3e" created', event_type = 'group_created'
metadata = {'creator_id': 261147211382001664}

    def send_system_message(
        self,
        conversation_id: int,
        content: str,
        event_type: str,
        metadata: Optional[Dict[str, Any]] = None,
    ) -> Message:
        """Send a system message."""
        now = self._get_timestamp()
        msg_id = self._generate_id()
    
        full_metadata = {"event_type": event_type}
        if metadata:
            full_metadata.update(metadata)
    
>       self._db.execute(
            """INSERT INTO msg_messages
               (id, conversation_id, author_id, content, message_type, created_at, updated_at, metadata)
               VALUES (?, ?, ?, ?, ?, ?, ?, ?)""",
            (
                msg_id,
                conversation_id,
                0,
                content,
                MessageType.SYSTEM.value,
                now,
                now,
                json.dumps(full_metadata),
            ),
        )

src\core\messaging\manager.py:1945: 
_ _ _ _ _ _ _ _ _ _ _ _ _ _ _ _ _ _ _ _ _ _ _ _ _ _ _ _ _ _ _ _ _ _ _ _ _ _ _ _

self = <src.core.database.core.Database object at 0x0000023C47CD1550>
query = 'INSERT INTO msg_messages \n               (id, conversation_id, author_id, content, message_type, created_at, updated_at, metadata)\n               VALUES (?, ?, ?, ?, ?, ?, ?, ?)'
params = (261147211444916229, 261147211444916225, 0, 'Group "Test Group a5c2fb3e" created', 'system', 1766329547089, ...)
auto_commit = True

    def execute(
        self, query: str, params: Optional[Tuple] = None, auto_commit: bool = True
    ) -> DbCursor:
        """
        Execute a query and return the cursor.
    
        Args:
            query: SQL query string. Use ? for placeholders (auto-converted to %s for PostgreSQL).
            params: Optional tuple of parameters for parameterized queries.
            auto_commit: Whether to auto-commit after execution (default True).
                        Set to False when using transactions.
    
        Returns:
            Database cursor after execution.
    
        Raises:
            ConnectionError: If not connected to database.
            sqlite3.Error/psycopg2.Error: If query execution fails.
        """
        with self._lock:
            self._ensure_connected()
            assert self.connection is not None  # Type narrowing for pyright
    
            # Convert ? to %s for PostgreSQL
            converted_query = self._convert_placeholders(query)
    
            cursor = self.connection.cursor()
            try:
                if params:
>                   cursor.execute(converted_query, params)
E                   sqlite3.IntegrityError: FOREIGN KEY constraint failed

src\core\database\core.py:266: IntegrityError
---------------------------- Captured stderr setup ----------------------------
2025-12-21 15:05:47,090 - ERROR - Query execution failed: INSERT INTO msg_messages 
               (id, conversation_id, author_id, content, message_type, cre... - FOREIGN KEY constraint failed
----------------------------- Captured log setup ------------------------------
ERROR    AppLogger:__init__.py:98 Query execution failed: INSERT INTO msg_messages 
               (id, conversation_id, author_id, content, message_type, cre... - FOREIGN KEY constraint failed
_______ ERROR at setup of TestGetNotificationFeed.test_feed_pagination ________

fixturedef = <FixtureDef argname='group_conversation' scope='function' baseid='src/tests/notifications'>
request = <SubRequest 'group_conversation' for <Function test_feed_pagination>>

    @pytest.hookimpl(wrapper=True)
    def pytest_fixture_setup(fixturedef: FixtureDef, request) -> object | None:
        asyncio_mode = _get_asyncio_mode(request.config)
        if not _is_asyncio_fixture_function(fixturedef.func):
            if asyncio_mode == Mode.STRICT:
                # Ignore async fixtures without explicit asyncio mark in strict mode
                # This applies to pytest_trio fixtures, for example
>               return (yield)
                        ^^^^^

..\..\AppData\Local\Programs\Python\Python313\Lib\site-packages\pytest_asyncio\plugin.py:681: 
_ _ _ _ _ _ _ _ _ _ _ _ _ _ _ _ _ _ _ _ _ _ _ _ _ _ _ _ _ _ _ _ _ _ _ _ _ _ _ _

modules = <src.tests.fixtures.modules.ModuleRegistry object at 0x0000023C480AEE40>

>   ???

F:\coding-plexichat\plexichat\src\tests\notifications\conftest.py:126: 
_ _ _ _ _ _ _ _ _ _ _ _ _ _ _ _ _ _ _ _ _ _ _ _ _ _ _ _ _ _ _ _ _ _ _ _ _ _ _ _

owner_id = 261147212581572608, name = 'Test Group a43fa480'
participant_ids = [261147212602544129, 261147212623515649]
max_participants = None

    def create_group(
        owner_id: int,
        name: str,
        participant_ids: Optional[List[int]] = None,
        max_participants: Optional[int] = None,
    ) -> Conversation:
        """
        Create a group conversation.
    
        Args:
            owner_id: ID of group owner
            name: Group name
            participant_ids: Initial participants (owner auto-added)
            max_participants: Override default max participants
    
        Returns:
            Conversation object
    
        Raises:
            ParticipantLimitError: If too many initial participants
            InvalidContentError: If name is invalid
        """
>       return _get_manager().create_group(
            owner_id, name, participant_ids, max_participants
        )

src\core\messaging\__init__.py:139: 
_ _ _ _ _ _ _ _ _ _ _ _ _ _ _ _ _ _ _ _ _ _ _ _ _ _ _ _ _ _ _ _ _ _ _ _ _ _ _ _

self = <src.core.messaging.manager.MessagingManager object at 0x0000023C484992B0>
owner_id = 261147212581572608, name = 'Test Group a43fa480'
participant_ids = [261147212602544129, 261147212623515649]
max_participants = None

    def create_group(
        self,
        owner_id: int,
        name: str,
        participant_ids: Optional[List[int]] = None,
        max_participants: Optional[int] = None,
    ) -> Conversation:
        """Create a group conversation."""
        # Validate name
        if not name or not name.strip():
            raise InvalidContentError("Group name cannot be empty")
    
        name = name.strip()
        if len(name) > 100:
            raise InvalidContentError("Group name cannot exceed 100 characters")
    
        # Validate content
        content_result = validate_content(name)
        if not content_result.valid:
            raise InvalidContentError("Invalid group name", content_result.issues)
    
        max_parts = (
            max_participants
            if max_participants is not None
            else self._config.get("max_group_participants", 100)
        )
    
        # Check participant count - must have at least 1 (owner)
        participants = list(set([owner_id] + (participant_ids or [])))
        if max_parts < 1:
            raise ParticipantLimitError(
                "Group must allow at least 1 participant", max_parts, len(participants)
            )
        if len(participants) > max_parts:
            raise ParticipantLimitError(
                f"Cannot create group with more than {max_parts} participants",
                max_parts,
                len(participants),
            )
    
        now = self._get_timestamp()
        conv_id = self._generate_id()
    
        self._db.execute(
            """INSERT INTO msg_conversations
               (id, conversation_type, name, owner_id, max_participants, created_at, updated_at, encrypted)
               VALUES (?, ?, ?, ?, ?, ?, ?, ?)""",
            (
                conv_id,
                ConversationType.GROUP.value,
                content_result.sanitized_content,
                owner_id,
                max_parts,
                now,
                now,
                1 if self._config.get("encrypt_messages") else 0,
            ),
        )
    
        # Add participants
        for i, uid in enumerate(participants):
            part_id = self._generate_id()
            role = (
                ParticipantRole.OWNER.value
                if uid == owner_id
                else ParticipantRole.MEMBER.value
            )
            self._db.execute(
                """INSERT INTO msg_participants
                   (id, conversation_id, user_id, role, joined_at)
                   VALUES (?, ?, ?, ?, ?)""",
                (part_id, conv_id, uid, role, now),
            )
    
        # Send system message
>       self.send_system_message(
            conv_id,
            f'Group "{name}" created',
            "group_created",
            {"creator_id": owner_id},
        )

src\core\messaging\manager.py:373: 
_ _ _ _ _ _ _ _ _ _ _ _ _ _ _ _ _ _ _ _ _ _ _ _ _ _ _ _ _ _ _ _ _ _ _ _ _ _ _ _

self = <src.core.messaging.manager.MessagingManager object at 0x0000023C484992B0>
conversation_id = 261147212644487169
content = 'Group "Test Group a43fa480" created', event_type = 'group_created'
metadata = {'creator_id': 261147212581572608}

    def send_system_message(
        self,
        conversation_id: int,
        content: str,
        event_type: str,
        metadata: Optional[Dict[str, Any]] = None,
    ) -> Message:
        """Send a system message."""
        now = self._get_timestamp()
        msg_id = self._generate_id()
    
        full_metadata = {"event_type": event_type}
        if metadata:
            full_metadata.update(metadata)
    
>       self._db.execute(
            """INSERT INTO msg_messages
               (id, conversation_id, author_id, content, message_type, created_at, updated_at, metadata)
               VALUES (?, ?, ?, ?, ?, ?, ?, ?)""",
            (
                msg_id,
                conversation_id,
                0,
                content,
                MessageType.SYSTEM.value,
                now,
                now,
                json.dumps(full_metadata),
            ),
        )

src\core\messaging\manager.py:1945: 
_ _ _ _ _ _ _ _ _ _ _ _ _ _ _ _ _ _ _ _ _ _ _ _ _ _ _ _ _ _ _ _ _ _ _ _ _ _ _ _

self = <src.core.database.core.Database object at 0x0000023C47CD1550>
query = 'INSERT INTO msg_messages \n               (id, conversation_id, author_id, content, message_type, created_at, updated_at, metadata)\n               VALUES (?, ?, ?, ?, ?, ?, ?, ?)'
params = (261147212648681473, 261147212644487169, 0, 'Group "Test Group a43fa480" created', 'system', 1766329547376, ...)
auto_commit = True

    def execute(
        self, query: str, params: Optional[Tuple] = None, auto_commit: bool = True
    ) -> DbCursor:
        """
        Execute a query and return the cursor.
    
        Args:
            query: SQL query string. Use ? for placeholders (auto-converted to %s for PostgreSQL).
            params: Optional tuple of parameters for parameterized queries.
            auto_commit: Whether to auto-commit after execution (default True).
                        Set to False when using transactions.
    
        Returns:
            Database cursor after execution.
    
        Raises:
            ConnectionError: If not connected to database.
            sqlite3.Error/psycopg2.Error: If query execution fails.
        """
        with self._lock:
            self._ensure_connected()
            assert self.connection is not None  # Type narrowing for pyright
    
            # Convert ? to %s for PostgreSQL
            converted_query = self._convert_placeholders(query)
    
            cursor = self.connection.cursor()
            try:
                if params:
>                   cursor.execute(converted_query, params)
E                   sqlite3.IntegrityError: FOREIGN KEY constraint failed

src\core\database\core.py:266: IntegrityError
---------------------------- Captured stderr setup ----------------------------
2025-12-21 15:05:47,376 - ERROR - Query execution failed: INSERT INTO msg_messages 
               (id, conversation_id, author_id, content, message_type, cre... - FOREIGN KEY constraint failed
----------------------------- Captured log setup ------------------------------
ERROR    AppLogger:__init__.py:98 Query execution failed: INSERT INTO msg_messages 
               (id, conversation_id, author_id, content, message_type, cre... - FOREIGN KEY constraint failed
________ ERROR at setup of TestGetNotificationFeed.test_feed_has_more _________

fixturedef = <FixtureDef argname='group_conversation' scope='function' baseid='src/tests/notifications'>
request = <SubRequest 'group_conversation' for <Function test_feed_has_more>>

    @pytest.hookimpl(wrapper=True)
    def pytest_fixture_setup(fixturedef: FixtureDef, request) -> object | None:
        asyncio_mode = _get_asyncio_mode(request.config)
        if not _is_asyncio_fixture_function(fixturedef.func):
            if asyncio_mode == Mode.STRICT:
                # Ignore async fixtures without explicit asyncio mark in strict mode
                # This applies to pytest_trio fixtures, for example
>               return (yield)
                        ^^^^^

..\..\AppData\Local\Programs\Python\Python313\Lib\site-packages\pytest_asyncio\plugin.py:681: 
_ _ _ _ _ _ _ _ _ _ _ _ _ _ _ _ _ _ _ _ _ _ _ _ _ _ _ _ _ _ _ _ _ _ _ _ _ _ _ _

modules = <src.tests.fixtures.modules.ModuleRegistry object at 0x0000023C480AEE40>

>   ???

F:\coding-plexichat\plexichat\src\tests\notifications\conftest.py:126: 
_ _ _ _ _ _ _ _ _ _ _ _ _ _ _ _ _ _ _ _ _ _ _ _ _ _ _ _ _ _ _ _ _ _ _ _ _ _ _ _

owner_id = 261147212841619456, name = 'Test Group 4b155eac'
participant_ids = [261147212866785280, 261147212896145409]
max_participants = None

    def create_group(
        owner_id: int,
        name: str,
        participant_ids: Optional[List[int]] = None,
        max_participants: Optional[int] = None,
    ) -> Conversation:
        """
        Create a group conversation.
    
        Args:
            owner_id: ID of group owner
            name: Group name
            participant_ids: Initial participants (owner auto-added)
            max_participants: Override default max participants
    
        Returns:
            Conversation object
    
        Raises:
            ParticipantLimitError: If too many initial participants
            InvalidContentError: If name is invalid
        """
>       return _get_manager().create_group(
            owner_id, name, participant_ids, max_participants
        )

src\core\messaging\__init__.py:139: 
_ _ _ _ _ _ _ _ _ _ _ _ _ _ _ _ _ _ _ _ _ _ _ _ _ _ _ _ _ _ _ _ _ _ _ _ _ _ _ _

self = <src.core.messaging.manager.MessagingManager object at 0x0000023C484992B0>
owner_id = 261147212841619456, name = 'Test Group 4b155eac'
participant_ids = [261147212866785280, 261147212896145409]
max_participants = None

    def create_group(
        self,
        owner_id: int,
        name: str,
        participant_ids: Optional[List[int]] = None,
        max_participants: Optional[int] = None,
    ) -> Conversation:
        """Create a group conversation."""
        # Validate name
        if not name or not name.strip():
            raise InvalidContentError("Group name cannot be empty")
    
        name = name.strip()
        if len(name) > 100:
            raise InvalidContentError("Group name cannot exceed 100 characters")
    
        # Validate content
        content_result = validate_content(name)
        if not content_result.valid:
            raise InvalidContentError("Invalid group name", content_result.issues)
    
        max_parts = (
            max_participants
            if max_participants is not None
            else self._config.get("max_group_participants", 100)
        )
    
        # Check participant count - must have at least 1 (owner)
        participants = list(set([owner_id] + (participant_ids or [])))
        if max_parts < 1:
            raise ParticipantLimitError(
                "Group must allow at least 1 participant", max_parts, len(participants)
            )
        if len(participants) > max_parts:
            raise ParticipantLimitError(
                f"Cannot create group with more than {max_parts} participants",
                max_parts,
                len(participants),
            )
    
        now = self._get_timestamp()
        conv_id = self._generate_id()
    
        self._db.execute(
            """INSERT INTO msg_conversations
               (id, conversation_type, name, owner_id, max_participants, created_at, updated_at, encrypted)
               VALUES (?, ?, ?, ?, ?, ?, ?, ?)""",
            (
                conv_id,
                ConversationType.GROUP.value,
                content_result.sanitized_content,
                owner_id,
                max_parts,
                now,
                now,
                1 if self._config.get("encrypt_messages") else 0,
            ),
        )
    
        # Add participants
        for i, uid in enumerate(participants):
            part_id = self._generate_id()
            role = (
                ParticipantRole.OWNER.value
                if uid == owner_id
                else ParticipantRole.MEMBER.value
            )
            self._db.execute(
                """INSERT INTO msg_participants
                   (id, conversation_id, user_id, role, joined_at)
                   VALUES (?, ?, ?, ?, ?)""",
                (part_id, conv_id, uid, role, now),
            )
    
        # Send system message
>       self.send_system_message(
            conv_id,
            f'Group "{name}" created',
            "group_created",
            {"creator_id": owner_id},
        )

src\core\messaging\manager.py:373: 
_ _ _ _ _ _ _ _ _ _ _ _ _ _ _ _ _ _ _ _ _ _ _ _ _ _ _ _ _ _ _ _ _ _ _ _ _ _ _ _

self = <src.core.messaging.manager.MessagingManager object at 0x0000023C484992B0>
conversation_id = 261147212917116929
content = 'Group "Test Group 4b155eac" created', event_type = 'group_created'
metadata = {'creator_id': 261147212841619456}

    def send_system_message(
        self,
        conversation_id: int,
        content: str,
        event_type: str,
        metadata: Optional[Dict[str, Any]] = None,
    ) -> Message:
        """Send a system message."""
        now = self._get_timestamp()
        msg_id = self._generate_id()
    
        full_metadata = {"event_type": event_type}
        if metadata:
            full_metadata.update(metadata)
    
>       self._db.execute(
            """INSERT INTO msg_messages
               (id, conversation_id, author_id, content, message_type, created_at, updated_at, metadata)
               VALUES (?, ?, ?, ?, ?, ?, ?, ?)""",
            (
                msg_id,
                conversation_id,
                0,
                content,
                MessageType.SYSTEM.value,
                now,
                now,
                json.dumps(full_metadata),
            ),
        )

src\core\messaging\manager.py:1945: 
_ _ _ _ _ _ _ _ _ _ _ _ _ _ _ _ _ _ _ _ _ _ _ _ _ _ _ _ _ _ _ _ _ _ _ _ _ _ _ _

self = <src.core.database.core.Database object at 0x0000023C47CD1550>
query = 'INSERT INTO msg_messages \n               (id, conversation_id, author_id, content, message_type, created_at, updated_at, metadata)\n               VALUES (?, ?, ?, ?, ?, ?, ?, ?)'
params = (261147212917116933, 261147212917116929, 0, 'Group "Test Group 4b155eac" created', 'system', 1766329547440, ...)
auto_commit = True

    def execute(
        self, query: str, params: Optional[Tuple] = None, auto_commit: bool = True
    ) -> DbCursor:
        """
        Execute a query and return the cursor.
    
        Args:
            query: SQL query string. Use ? for placeholders (auto-converted to %s for PostgreSQL).
            params: Optional tuple of parameters for parameterized queries.
            auto_commit: Whether to auto-commit after execution (default True).
                        Set to False when using transactions.
    
        Returns:
            Database cursor after execution.
    
        Raises:
            ConnectionError: If not connected to database.
            sqlite3.Error/psycopg2.Error: If query execution fails.
        """
        with self._lock:
            self._ensure_connected()
            assert self.connection is not None  # Type narrowing for pyright
    
            # Convert ? to %s for PostgreSQL
            converted_query = self._convert_placeholders(query)
    
            cursor = self.connection.cursor()
            try:
                if params:
>                   cursor.execute(converted_query, params)
E                   sqlite3.IntegrityError: FOREIGN KEY constraint failed

src\core\database\core.py:266: IntegrityError
---------------------------- Captured stderr setup ----------------------------
2025-12-21 15:05:47,440 - ERROR - Query execution failed: INSERT INTO msg_messages 
               (id, conversation_id, author_id, content, message_type, cre... - FOREIGN KEY constraint failed
----------------------------- Captured log setup ------------------------------
ERROR    AppLogger:__init__.py:98 Query execution failed: INSERT INTO msg_messages 
               (id, conversation_id, author_id, content, message_type, cre... - FOREIGN KEY constraint failed
_________ ERROR at setup of TestGetNotifications.test_get_unread_only _________

fixturedef = <FixtureDef argname='group_conversation' scope='function' baseid='src/tests/notifications'>
request = <SubRequest 'group_conversation' for <Function test_get_unread_only>>

    @pytest.hookimpl(wrapper=True)
    def pytest_fixture_setup(fixturedef: FixtureDef, request) -> object | None:
        asyncio_mode = _get_asyncio_mode(request.config)
        if not _is_asyncio_fixture_function(fixturedef.func):
            if asyncio_mode == Mode.STRICT:
                # Ignore async fixtures without explicit asyncio mark in strict mode
                # This applies to pytest_trio fixtures, for example
>               return (yield)
                        ^^^^^

..\..\AppData\Local\Programs\Python\Python313\Lib\site-packages\pytest_asyncio\plugin.py:681: 
_ _ _ _ _ _ _ _ _ _ _ _ _ _ _ _ _ _ _ _ _ _ _ _ _ _ _ _ _ _ _ _ _ _ _ _ _ _ _ _

modules = <src.tests.fixtures.modules.ModuleRegistry object at 0x0000023C480AEE40>

>   ???

F:\coding-plexichat\plexichat\src\tests\notifications\conftest.py:126: 
_ _ _ _ _ _ _ _ _ _ _ _ _ _ _ _ _ _ _ _ _ _ _ _ _ _ _ _ _ _ _ _ _ _ _ _ _ _ _ _

owner_id = 261147213143609344, name = 'Test Group 675a7557'
participant_ids = [261147213164580865, 261147213189746688]
max_participants = None

    def create_group(
        owner_id: int,
        name: str,
        participant_ids: Optional[List[int]] = None,
        max_participants: Optional[int] = None,
    ) -> Conversation:
        """
        Create a group conversation.
    
        Args:
            owner_id: ID of group owner
            name: Group name
            participant_ids: Initial participants (owner auto-added)
            max_participants: Override default max participants
    
        Returns:
            Conversation object
    
        Raises:
            ParticipantLimitError: If too many initial participants
            InvalidContentError: If name is invalid
        """
>       return _get_manager().create_group(
            owner_id, name, participant_ids, max_participants
        )

src\core\messaging\__init__.py:139: 
_ _ _ _ _ _ _ _ _ _ _ _ _ _ _ _ _ _ _ _ _ _ _ _ _ _ _ _ _ _ _ _ _ _ _ _ _ _ _ _

self = <src.core.messaging.manager.MessagingManager object at 0x0000023C484992B0>
owner_id = 261147213143609344, name = 'Test Group 675a7557'
participant_ids = [261147213164580865, 261147213189746688]
max_participants = None

    def create_group(
        self,
        owner_id: int,
        name: str,
        participant_ids: Optional[List[int]] = None,
        max_participants: Optional[int] = None,
    ) -> Conversation:
        """Create a group conversation."""
        # Validate name
        if not name or not name.strip():
            raise InvalidContentError("Group name cannot be empty")
    
        name = name.strip()
        if len(name) > 100:
            raise InvalidContentError("Group name cannot exceed 100 characters")
    
        # Validate content
        content_result = validate_content(name)
        if not content_result.valid:
            raise InvalidContentError("Invalid group name", content_result.issues)
    
        max_parts = (
            max_participants
            if max_participants is not None
            else self._config.get("max_group_participants", 100)
        )
    
        # Check participant count - must have at least 1 (owner)
        participants = list(set([owner_id] + (participant_ids or [])))
        if max_parts < 1:
            raise ParticipantLimitError(
                "Group must allow at least 1 participant", max_parts, len(participants)
            )
        if len(participants) > max_parts:
            raise ParticipantLimitError(
                f"Cannot create group with more than {max_parts} participants",
                max_parts,
                len(participants),
            )
    
        now = self._get_timestamp()
        conv_id = self._generate_id()
    
        self._db.execute(
            """INSERT INTO msg_conversations
               (id, conversation_type, name, owner_id, max_participants, created_at, updated_at, encrypted)
               VALUES (?, ?, ?, ?, ?, ?, ?, ?)""",
            (
                conv_id,
                ConversationType.GROUP.value,
                content_result.sanitized_content,
                owner_id,
                max_parts,
                now,
                now,
                1 if self._config.get("encrypt_messages") else 0,
            ),
        )
    
        # Add participants
        for i, uid in enumerate(participants):
            part_id = self._generate_id()
            role = (
                ParticipantRole.OWNER.value
                if uid == owner_id
                else ParticipantRole.MEMBER.value
            )
            self._db.execute(
                """INSERT INTO msg_participants
                   (id, conversation_id, user_id, role, joined_at)
                   VALUES (?, ?, ?, ?, ?)""",
                (part_id, conv_id, uid, role, now),
            )
    
        # Send system message
>       self.send_system_message(
            conv_id,
            f'Group "{name}" created',
            "group_created",
            {"creator_id": owner_id},
        )

src\core\messaging\manager.py:373: 
_ _ _ _ _ _ _ _ _ _ _ _ _ _ _ _ _ _ _ _ _ _ _ _ _ _ _ _ _ _ _ _ _ _ _ _ _ _ _ _

self = <src.core.messaging.manager.MessagingManager object at 0x0000023C484992B0>
conversation_id = 261147213210718209
content = 'Group "Test Group 675a7557" created', event_type = 'group_created'
metadata = {'creator_id': 261147213143609344}

    def send_system_message(
        self,
        conversation_id: int,
        content: str,
        event_type: str,
        metadata: Optional[Dict[str, Any]] = None,
    ) -> Message:
        """Send a system message."""
        now = self._get_timestamp()
        msg_id = self._generate_id()
    
        full_metadata = {"event_type": event_type}
        if metadata:
            full_metadata.update(metadata)
    
>       self._db.execute(
            """INSERT INTO msg_messages
               (id, conversation_id, author_id, content, message_type, created_at, updated_at, metadata)
               VALUES (?, ?, ?, ?, ?, ?, ?, ?)""",
            (
                msg_id,
                conversation_id,
                0,
                content,
                MessageType.SYSTEM.value,
                now,
                now,
                json.dumps(full_metadata),
            ),
        )

src\core\messaging\manager.py:1945: 
_ _ _ _ _ _ _ _ _ _ _ _ _ _ _ _ _ _ _ _ _ _ _ _ _ _ _ _ _ _ _ _ _ _ _ _ _ _ _ _

self = <src.core.database.core.Database object at 0x0000023C47CD1550>
query = 'INSERT INTO msg_messages \n               (id, conversation_id, author_id, content, message_type, created_at, updated_at, metadata)\n               VALUES (?, ?, ?, ?, ?, ?, ?, ?)'
params = (261147213210718213, 261147213210718209, 0, 'Group "Test Group 675a7557" created', 'system', 1766329547510, ...)
auto_commit = True

    def execute(
        self, query: str, params: Optional[Tuple] = None, auto_commit: bool = True
    ) -> DbCursor:
        """
        Execute a query and return the cursor.
    
        Args:
            query: SQL query string. Use ? for placeholders (auto-converted to %s for PostgreSQL).
            params: Optional tuple of parameters for parameterized queries.
            auto_commit: Whether to auto-commit after execution (default True).
                        Set to False when using transactions.
    
        Returns:
            Database cursor after execution.
    
        Raises:
            ConnectionError: If not connected to database.
            sqlite3.Error/psycopg2.Error: If query execution fails.
        """
        with self._lock:
            self._ensure_connected()
            assert self.connection is not None  # Type narrowing for pyright
    
            # Convert ? to %s for PostgreSQL
            converted_query = self._convert_placeholders(query)
    
            cursor = self.connection.cursor()
            try:
                if params:
>                   cursor.execute(converted_query, params)
E                   sqlite3.IntegrityError: FOREIGN KEY constraint failed

src\core\database\core.py:266: IntegrityError
---------------------------- Captured stderr setup ----------------------------
2025-12-21 15:05:47,510 - ERROR - Query execution failed: INSERT INTO msg_messages 
               (id, conversation_id, author_id, content, message_type, cre... - FOREIGN KEY constraint failed
----------------------------- Captured log setup ------------------------------
ERROR    AppLogger:__init__.py:98 Query execution failed: INSERT INTO msg_messages 
               (id, conversation_id, author_id, content, message_type, cre... - FOREIGN KEY constraint failed
__ ERROR at setup of TestGetNotifications.test_get_notifications_pagination ___

fixturedef = <FixtureDef argname='group_conversation' scope='function' baseid='src/tests/notifications'>
request = <SubRequest 'group_conversation' for <Function test_get_notifications_pagination>>

    @pytest.hookimpl(wrapper=True)
    def pytest_fixture_setup(fixturedef: FixtureDef, request) -> object | None:
        asyncio_mode = _get_asyncio_mode(request.config)
        if not _is_asyncio_fixture_function(fixturedef.func):
            if asyncio_mode == Mode.STRICT:
                # Ignore async fixtures without explicit asyncio mark in strict mode
                # This applies to pytest_trio fixtures, for example
>               return (yield)
                        ^^^^^

..\..\AppData\Local\Programs\Python\Python313\Lib\site-packages\pytest_asyncio\plugin.py:681: 
_ _ _ _ _ _ _ _ _ _ _ _ _ _ _ _ _ _ _ _ _ _ _ _ _ _ _ _ _ _ _ _ _ _ _ _ _ _ _ _

modules = <src.tests.fixtures.modules.ModuleRegistry object at 0x0000023C480AEE40>

>   ???

F:\coding-plexichat\plexichat\src\tests\notifications\conftest.py:126: 
_ _ _ _ _ _ _ _ _ _ _ _ _ _ _ _ _ _ _ _ _ _ _ _ _ _ _ _ _ _ _ _ _ _ _ _ _ _ _ _

owner_id = 261147213848252416, name = 'Test Group bec030b2'
participant_ids = [261147214947160064, 261147219216961536]
max_participants = None

    def create_group(
        owner_id: int,
        name: str,
        participant_ids: Optional[List[int]] = None,
        max_participants: Optional[int] = None,
    ) -> Conversation:
        """
        Create a group conversation.
    
        Args:
            owner_id: ID of group owner
            name: Group name
            participant_ids: Initial participants (owner auto-added)
            max_participants: Override default max participants
    
        Returns:
            Conversation object
    
        Raises:
            ParticipantLimitError: If too many initial participants
            InvalidContentError: If name is invalid
        """
>       return _get_manager().create_group(
            owner_id, name, participant_ids, max_participants
        )

src\core\messaging\__init__.py:139: 
_ _ _ _ _ _ _ _ _ _ _ _ _ _ _ _ _ _ _ _ _ _ _ _ _ _ _ _ _ _ _ _ _ _ _ _ _ _ _ _

self = <src.core.messaging.manager.MessagingManager object at 0x0000023C484992B0>
owner_id = 261147213848252416, name = 'Test Group bec030b2'
participant_ids = [261147214947160064, 261147219216961536]
max_participants = None

    def create_group(
        self,
        owner_id: int,
        name: str,
        participant_ids: Optional[List[int]] = None,
        max_participants: Optional[int] = None,
    ) -> Conversation:
        """Create a group conversation."""
        # Validate name
        if not name or not name.strip():
            raise InvalidContentError("Group name cannot be empty")
    
        name = name.strip()
        if len(name) > 100:
            raise InvalidContentError("Group name cannot exceed 100 characters")
    
        # Validate content
        content_result = validate_content(name)
        if not content_result.valid:
            raise InvalidContentError("Invalid group name", content_result.issues)
    
        max_parts = (
            max_participants
            if max_participants is not None
            else self._config.get("max_group_participants", 100)
        )
    
        # Check participant count - must have at least 1 (owner)
        participants = list(set([owner_id] + (participant_ids or [])))
        if max_parts < 1:
            raise ParticipantLimitError(
                "Group must allow at least 1 participant", max_parts, len(participants)
            )
        if len(participants) > max_parts:
            raise ParticipantLimitError(
                f"Cannot create group with more than {max_parts} participants",
                max_parts,
                len(participants),
            )
    
        now = self._get_timestamp()
        conv_id = self._generate_id()
    
        self._db.execute(
            """INSERT INTO msg_conversations
               (id, conversation_type, name, owner_id, max_participants, created_at, updated_at, encrypted)
               VALUES (?, ?, ?, ?, ?, ?, ?, ?)""",
            (
                conv_id,
                ConversationType.GROUP.value,
                content_result.sanitized_content,
                owner_id,
                max_parts,
                now,
                now,
                1 if self._config.get("encrypt_messages") else 0,
            ),
        )
    
        # Add participants
        for i, uid in enumerate(participants):
            part_id = self._generate_id()
            role = (
                ParticipantRole.OWNER.value
                if uid == owner_id
                else ParticipantRole.MEMBER.value
            )
            self._db.execute(
                """INSERT INTO msg_participants
                   (id, conversation_id, user_id, role, joined_at)
                   VALUES (?, ?, ?, ?, ?)""",
                (part_id, conv_id, uid, role, now),
            )
    
        # Send system message
>       self.send_system_message(
            conv_id,
            f'Group "{name}" created',
            "group_created",
            {"creator_id": owner_id},
        )

src\core\messaging\manager.py:373: 
_ _ _ _ _ _ _ _ _ _ _ _ _ _ _ _ _ _ _ _ _ _ _ _ _ _ _ _ _ _ _ _ _ _ _ _ _ _ _ _

self = <src.core.messaging.manager.MessagingManager object at 0x0000023C484992B0>
conversation_id = 261147219728666625
content = 'Group "Test Group bec030b2" created', event_type = 'group_created'
metadata = {'creator_id': 261147213848252416}

    def send_system_message(
        self,
        conversation_id: int,
        content: str,
        event_type: str,
        metadata: Optional[Dict[str, Any]] = None,
    ) -> Message:
        """Send a system message."""
        now = self._get_timestamp()
        msg_id = self._generate_id()
    
        full_metadata = {"event_type": event_type}
        if metadata:
            full_metadata.update(metadata)
    
>       self._db.execute(
            """INSERT INTO msg_messages
               (id, conversation_id, author_id, content, message_type, created_at, updated_at, metadata)
               VALUES (?, ?, ?, ?, ?, ?, ?, ?)""",
            (
                msg_id,
                conversation_id,
                0,
                content,
                MessageType.SYSTEM.value,
                now,
                now,
                json.dumps(full_metadata),
            ),
        )

src\core\messaging\manager.py:1945: 
_ _ _ _ _ _ _ _ _ _ _ _ _ _ _ _ _ _ _ _ _ _ _ _ _ _ _ _ _ _ _ _ _ _ _ _ _ _ _ _

self = <src.core.database.core.Database object at 0x0000023C47CD1550>
query = 'INSERT INTO msg_messages \n               (id, conversation_id, author_id, content, message_type, created_at, updated_at, metadata)\n               VALUES (?, ?, ?, ?, ?, ?, ?, ?)'
params = (261147219728666629, 261147219728666625, 0, 'Group "Test Group bec030b2" created', 'system', 1766329549064, ...)
auto_commit = True

    def execute(
        self, query: str, params: Optional[Tuple] = None, auto_commit: bool = True
    ) -> DbCursor:
        """
        Execute a query and return the cursor.
    
        Args:
            query: SQL query string. Use ? for placeholders (auto-converted to %s for PostgreSQL).
            params: Optional tuple of parameters for parameterized queries.
            auto_commit: Whether to auto-commit after execution (default True).
                        Set to False when using transactions.
    
        Returns:
            Database cursor after execution.
    
        Raises:
            ConnectionError: If not connected to database.
            sqlite3.Error/psycopg2.Error: If query execution fails.
        """
        with self._lock:
            self._ensure_connected()
            assert self.connection is not None  # Type narrowing for pyright
    
            # Convert ? to %s for PostgreSQL
            converted_query = self._convert_placeholders(query)
    
            cursor = self.connection.cursor()
            try:
                if params:
>                   cursor.execute(converted_query, params)
E                   sqlite3.IntegrityError: FOREIGN KEY constraint failed

src\core\database\core.py:266: IntegrityError
---------------------------- Captured stderr setup ----------------------------
2025-12-21 15:05:49,064 - ERROR - Query execution failed: INSERT INTO msg_messages 
               (id, conversation_id, author_id, content, message_type, cre... - FOREIGN KEY constraint failed
----------------------------- Captured log setup ------------------------------
ERROR    AppLogger:__init__.py:98 Query execution failed: INSERT INTO msg_messages 
               (id, conversation_id, author_id, content, message_type, cre... - FOREIGN KEY constraint failed
=============================== Custom Reports ================================
================================================================================\nPerformance Report\n================================================================================\n\nTotal tests: 6\nTotal time: 0.01s\nAverage time: 0.001s\n\nNo slow tests detected \u2713\n

================================================================================\nSecurity Violation Report\n================================================================================\n\n\u2713 No security violations detected\n
================================================================================
Test Metrics Report
================================================================================

Total tests: 6
  Passed:      6 (100.0%)
  Failed:      0 (  0.0%)
  Skipped:     0 (  0.0%)

=========================== short test summary info ===========================
ERROR src/tests/notifications/test_notification_feed.py::TestGetNotificationFeed::test_feed_order
ERROR src/tests/notifications/test_notification_feed.py::TestGetNotificationFeed::test_feed_pagination
ERROR src/tests/notifications/test_notification_feed.py::TestGetNotificationFeed::test_feed_has_more
ERROR src/tests/notifications/test_notification_feed.py::TestGetNotifications::test_get_unread_only
ERROR src/tests/notifications/test_notification_feed.py::TestGetNotifications::test_get_notifications_pagination
========================= 6 passed, 5 errors in 3.31s =========================
